[2025-03-22T23:48:03.748+0100][gc,init] CardTable entry size: 512
[2025-03-22T23:48:03.749+0100][gc     ] Using G1
[2025-03-22T23:48:03.755+0100][gc,init] Version: 21.0.6+7-Ubuntu-124.04.1 (release)
[2025-03-22T23:48:03.756+0100][gc,init] CPUs: 8 total, 8 available
[2025-03-22T23:48:03.756+0100][gc,init] Memory: 15862M
[2025-03-22T23:48:03.756+0100][gc,init] Large Page Support: Disabled
[2025-03-22T23:48:03.756+0100][gc,init] NUMA Support: Disabled
[2025-03-22T23:48:03.756+0100][gc,init] Compressed Oops: Enabled (32-bit)
[2025-03-22T23:48:03.756+0100][gc,init] Heap Region Size: 1M
[2025-03-22T23:48:03.756+0100][gc,init] Heap Min Capacity: 1G
[2025-03-22T23:48:03.756+0100][gc,init] Heap Initial Capacity: 1G
[2025-03-22T23:48:03.756+0100][gc,init] Heap Max Capacity: 1G
[2025-03-22T23:48:03.756+0100][gc,init] Pre-touch: Disabled
[2025-03-22T23:48:03.756+0100][gc,init] Parallel Workers: 8
[2025-03-22T23:48:03.756+0100][gc,init] Concurrent Workers: 2
[2025-03-22T23:48:03.756+0100][gc,init] Concurrent Refinement Workers: 8
[2025-03-22T23:48:03.756+0100][gc,init] Periodic GC: Disabled
[2025-03-22T23:48:03.763+0100][gc,metaspace] CDS archive(s) mapped at: [0x00007f74f7000000-0x00007f74f7c97000-0x00007f74f7c97000), size 13201408, SharedBaseAddress: 0x00007f74f7000000, ArchiveRelocationMode: 1.
[2025-03-22T23:48:03.763+0100][gc,metaspace] Compressed class space mapped at: 0x00007f74f8000000-0x00007f7538000000, reserved size: 1073741824
[2025-03-22T23:48:03.763+0100][gc,metaspace] Narrow klass base: 0x00007f74f7000000, Narrow klass shift: 0, Narrow klass range: 0x100000000
[2025-03-22T23:48:05.146+0100][gc,start    ] GC(0) Pause Young (Normal) (G1 Evacuation Pause)
[2025-03-22T23:48:05.147+0100][gc,task     ] GC(0) Using 8 workers of 8 for evacuation
[2025-03-22T23:48:05.157+0100][gc,phases   ] GC(0)   Pre Evacuate Collection Set: 0.3ms
[2025-03-22T23:48:05.157+0100][gc,phases   ] GC(0)   Merge Heap Roots: 0.2ms
[2025-03-22T23:48:05.157+0100][gc,phases   ] GC(0)   Evacuate Collection Set: 7.5ms
[2025-03-22T23:48:05.157+0100][gc,phases   ] GC(0)   Post Evacuate Collection Set: 1.4ms
[2025-03-22T23:48:05.157+0100][gc,phases   ] GC(0)   Other: 1.2ms
[2025-03-22T23:48:05.157+0100][gc,heap     ] GC(0) Eden regions: 51->0(44)
[2025-03-22T23:48:05.157+0100][gc,heap     ] GC(0) Survivor regions: 0->7(7)
[2025-03-22T23:48:05.157+0100][gc,heap     ] GC(0) Old regions: 2->3
[2025-03-22T23:48:05.157+0100][gc,heap     ] GC(0) Humongous regions: 0->0
[2025-03-22T23:48:05.157+0100][gc,metaspace] GC(0) Metaspace: 17250K(17472K)->17250K(17472K) NonClass: 15258K(15360K)->15258K(15360K) Class: 1992K(2112K)->1992K(2112K)
[2025-03-22T23:48:05.157+0100][gc          ] GC(0) Pause Young (Normal) (G1 Evacuation Pause) 52M->8M(1024M) 10.958ms
[2025-03-22T23:48:05.157+0100][gc,cpu      ] GC(0) User=0.04s Sys=0.02s Real=0.01s
[2025-03-22T23:48:05.475+0100][gc,start    ] GC(1) Pause Young (Concurrent Start) (Metadata GC Threshold)
[2025-03-22T23:48:05.475+0100][gc,task     ] GC(1) Using 8 workers of 8 for evacuation
[2025-03-22T23:48:05.483+0100][gc,phases   ] GC(1)   Pre Evacuate Collection Set: 0.5ms
[2025-03-22T23:48:05.483+0100][gc,phases   ] GC(1)   Merge Heap Roots: 0.3ms
[2025-03-22T23:48:05.483+0100][gc,phases   ] GC(1)   Evacuate Collection Set: 5.9ms
[2025-03-22T23:48:05.483+0100][gc,phases   ] GC(1)   Post Evacuate Collection Set: 0.8ms
[2025-03-22T23:48:05.483+0100][gc,phases   ] GC(1)   Other: 0.2ms
[2025-03-22T23:48:05.483+0100][gc,heap     ] GC(1) Eden regions: 16->0(49)
[2025-03-22T23:48:05.483+0100][gc,heap     ] GC(1) Survivor regions: 7->2(7)
[2025-03-22T23:48:05.483+0100][gc,heap     ] GC(1) Old regions: 3->11
[2025-03-22T23:48:05.483+0100][gc,heap     ] GC(1) Humongous regions: 0->0
[2025-03-22T23:48:05.483+0100][gc,metaspace] GC(1) Metaspace: 21322K(21504K)->21322K(21504K) NonClass: 18853K(18944K)->18853K(18944K) Class: 2468K(2560K)->2468K(2560K)
[2025-03-22T23:48:05.483+0100][gc          ] GC(1) Pause Young (Concurrent Start) (Metadata GC Threshold) 24M->10M(1024M) 7.919ms
[2025-03-22T23:48:05.483+0100][gc,cpu      ] GC(1) User=0.04s Sys=0.00s Real=0.01s
[2025-03-22T23:48:05.483+0100][gc          ] GC(2) Concurrent Mark Cycle
[2025-03-22T23:48:05.483+0100][gc,marking  ] GC(2) Concurrent Scan Root Regions
[2025-03-22T23:48:05.486+0100][gc,marking  ] GC(2) Concurrent Scan Root Regions 2.955ms
[2025-03-22T23:48:05.486+0100][gc,marking  ] GC(2) Concurrent Mark
[2025-03-22T23:48:05.486+0100][gc,marking  ] GC(2) Concurrent Mark From Roots
[2025-03-22T23:48:05.486+0100][gc,task     ] GC(2) Using 2 workers of 2 for marking
[2025-03-22T23:48:05.489+0100][gc,marking  ] GC(2) Concurrent Mark From Roots 2.314ms
[2025-03-22T23:48:05.489+0100][gc,marking  ] GC(2) Concurrent Preclean
[2025-03-22T23:48:05.489+0100][gc,marking  ] GC(2) Concurrent Preclean 0.017ms
[2025-03-22T23:48:05.489+0100][gc,start    ] GC(2) Pause Remark
[2025-03-22T23:48:05.492+0100][gc          ] GC(2) Pause Remark 11M->11M(1024M) 2.843ms
[2025-03-22T23:48:05.492+0100][gc,cpu      ] GC(2) User=0.01s Sys=0.00s Real=0.00s
[2025-03-22T23:48:05.492+0100][gc,marking  ] GC(2) Concurrent Mark 5.546ms
[2025-03-22T23:48:05.492+0100][gc,marking  ] GC(2) Concurrent Rebuild Remembered Sets and Scrub Regions
[2025-03-22T23:48:05.494+0100][gc,marking  ] GC(2) Concurrent Rebuild Remembered Sets and Scrub Regions 2.323ms
[2025-03-22T23:48:05.494+0100][gc,start    ] GC(2) Pause Cleanup
[2025-03-22T23:48:05.495+0100][gc          ] GC(2) Pause Cleanup 11M->11M(1024M) 0.409ms
[2025-03-22T23:48:05.495+0100][gc,cpu      ] GC(2) User=0.01s Sys=0.00s Real=0.00s
[2025-03-22T23:48:05.495+0100][gc,marking  ] GC(2) Concurrent Clear Claimed Marks
[2025-03-22T23:48:05.495+0100][gc,marking  ] GC(2) Concurrent Clear Claimed Marks 0.056ms
[2025-03-22T23:48:05.495+0100][gc,marking  ] GC(2) Concurrent Cleanup for Next Mark
[2025-03-22T23:48:05.500+0100][gc,marking  ] GC(2) Concurrent Cleanup for Next Mark 5.099ms
[2025-03-22T23:48:05.500+0100][gc          ] GC(2) Concurrent Mark Cycle 17.072ms
[2025-03-22T23:48:06.508+0100][gc,start    ] GC(3) Pause Young (Prepare Mixed) (G1 Evacuation Pause)
[2025-03-22T23:48:06.508+0100][gc,task     ] GC(3) Using 8 workers of 8 for evacuation
[2025-03-22T23:48:06.514+0100][gc,phases   ] GC(3)   Pre Evacuate Collection Set: 0.4ms
[2025-03-22T23:48:06.514+0100][gc,phases   ] GC(3)   Merge Heap Roots: 0.2ms
[2025-03-22T23:48:06.514+0100][gc,phases   ] GC(3)   Evacuate Collection Set: 4.7ms
[2025-03-22T23:48:06.514+0100][gc,phases   ] GC(3)   Post Evacuate Collection Set: 1.2ms
[2025-03-22T23:48:06.514+0100][gc,phases   ] GC(3)   Other: 0.1ms
[2025-03-22T23:48:06.514+0100][gc,heap     ] GC(3) Eden regions: 49->0(44)
[2025-03-22T23:48:06.514+0100][gc,heap     ] GC(3) Survivor regions: 2->7(7)
[2025-03-22T23:48:06.514+0100][gc,heap     ] GC(3) Old regions: 11->11
[2025-03-22T23:48:06.514+0100][gc,heap     ] GC(3) Humongous regions: 129->129
[2025-03-22T23:48:06.514+0100][gc,metaspace] GC(3) Metaspace: 32784K(33024K)->32784K(33024K) NonClass: 29274K(29440K)->29274K(29440K) Class: 3510K(3584K)->3510K(3584K)
[2025-03-22T23:48:06.515+0100][gc          ] GC(3) Pause Young (Prepare Mixed) (G1 Evacuation Pause) 188M->144M(1024M) 6.931ms
[2025-03-22T23:48:06.515+0100][gc,cpu      ] GC(3) User=0.03s Sys=0.01s Real=0.00s
[2025-03-22T23:48:06.654+0100][gc,start    ] GC(4) Pause Young (Mixed) (Metadata GC Threshold)
[2025-03-22T23:48:06.654+0100][gc,task     ] GC(4) Using 8 workers of 8 for evacuation
[2025-03-22T23:48:06.663+0100][gc,phases   ] GC(4)   Pre Evacuate Collection Set: 0.4ms
[2025-03-22T23:48:06.663+0100][gc,phases   ] GC(4)   Merge Heap Roots: 0.2ms
[2025-03-22T23:48:06.663+0100][gc,phases   ] GC(4)   Evacuate Collection Set: 7.4ms
[2025-03-22T23:48:06.663+0100][gc,phases   ] GC(4)   Post Evacuate Collection Set: 1.1ms
[2025-03-22T23:48:06.663+0100][gc,phases   ] GC(4)   Other: 0.1ms
[2025-03-22T23:48:06.663+0100][gc,heap     ] GC(4) Eden regions: 12->0(50)
[2025-03-22T23:48:06.663+0100][gc,heap     ] GC(4) Survivor regions: 7->1(7)
[2025-03-22T23:48:06.663+0100][gc,heap     ] GC(4) Old regions: 11->16
[2025-03-22T23:48:06.663+0100][gc,heap     ] GC(4) Humongous regions: 129->129
[2025-03-22T23:48:06.663+0100][gc,metaspace] GC(4) Metaspace: 35739K(36096K)->35739K(36096K) NonClass: 31898K(32064K)->31898K(32064K) Class: 3841K(4032K)->3841K(4032K)
[2025-03-22T23:48:06.663+0100][gc          ] GC(4) Pause Young (Mixed) (Metadata GC Threshold) 156M->145M(1024M) 9.606ms
[2025-03-22T23:48:06.663+0100][gc,cpu      ] GC(4) User=0.03s Sys=0.03s Real=0.01s
[2025-03-22T23:48:06.684+0100][gc,start    ] GC(5) Pause Young (Concurrent Start) (Metadata GC Threshold)
[2025-03-22T23:48:06.684+0100][gc,task     ] GC(5) Using 8 workers of 8 for evacuation
[2025-03-22T23:48:06.688+0100][gc,phases   ] GC(5)   Pre Evacuate Collection Set: 0.5ms
[2025-03-22T23:48:06.688+0100][gc,phases   ] GC(5)   Merge Heap Roots: 0.2ms
[2025-03-22T23:48:06.688+0100][gc,phases   ] GC(5)   Evacuate Collection Set: 1.8ms
[2025-03-22T23:48:06.688+0100][gc,phases   ] GC(5)   Post Evacuate Collection Set: 0.8ms
[2025-03-22T23:48:06.688+0100][gc,phases   ] GC(5)   Other: 0.2ms
[2025-03-22T23:48:06.688+0100][gc,heap     ] GC(5) Eden regions: 3->0(50)
[2025-03-22T23:48:06.688+0100][gc,heap     ] GC(5) Survivor regions: 1->1(7)
[2025-03-22T23:48:06.688+0100][gc,heap     ] GC(5) Old regions: 16->16
[2025-03-22T23:48:06.688+0100][gc,heap     ] GC(5) Humongous regions: 129->129
[2025-03-22T23:48:06.688+0100][gc,metaspace] GC(5) Metaspace: 36137K(36416K)->36137K(36416K) NonClass: 32242K(32384K)->32242K(32384K) Class: 3894K(4032K)->3894K(4032K)
[2025-03-22T23:48:06.688+0100][gc          ] GC(5) Pause Young (Concurrent Start) (Metadata GC Threshold) 147M->145M(1024M) 3.643ms
[2025-03-22T23:48:06.688+0100][gc,cpu      ] GC(5) User=0.02s Sys=0.00s Real=0.01s
[2025-03-22T23:48:06.688+0100][gc          ] GC(6) Concurrent Mark Cycle
[2025-03-22T23:48:06.688+0100][gc,marking  ] GC(6) Concurrent Scan Root Regions
[2025-03-22T23:48:06.690+0100][gc,marking  ] GC(6) Concurrent Scan Root Regions 1.539ms
[2025-03-22T23:48:06.690+0100][gc,marking  ] GC(6) Concurrent Mark
[2025-03-22T23:48:06.690+0100][gc,marking  ] GC(6) Concurrent Mark From Roots
[2025-03-22T23:48:06.690+0100][gc,task     ] GC(6) Using 2 workers of 2 for marking
[2025-03-22T23:48:06.706+0100][gc,marking  ] GC(6) Concurrent Mark From Roots 16.690ms
[2025-03-22T23:48:06.706+0100][gc,marking  ] GC(6) Concurrent Preclean
[2025-03-22T23:48:06.706+0100][gc,marking  ] GC(6) Concurrent Preclean 0.074ms
[2025-03-22T23:48:06.707+0100][gc,start    ] GC(6) Pause Remark
[2025-03-22T23:48:06.710+0100][gc          ] GC(6) Pause Remark 147M->147M(1024M) 3.085ms
[2025-03-22T23:48:06.710+0100][gc,cpu      ] GC(6) User=0.01s Sys=0.00s Real=0.00s
[2025-03-22T23:48:06.710+0100][gc,marking  ] GC(6) Concurrent Mark 20.488ms
[2025-03-22T23:48:06.710+0100][gc,marking  ] GC(6) Concurrent Rebuild Remembered Sets and Scrub Regions
[2025-03-22T23:48:06.716+0100][gc,marking  ] GC(6) Concurrent Rebuild Remembered Sets and Scrub Regions 5.999ms
[2025-03-22T23:48:06.716+0100][gc,start    ] GC(6) Pause Cleanup
[2025-03-22T23:48:06.717+0100][gc          ] GC(6) Pause Cleanup 147M->147M(1024M) 0.362ms
[2025-03-22T23:48:06.717+0100][gc,cpu      ] GC(6) User=0.00s Sys=0.00s Real=0.00s
[2025-03-22T23:48:06.717+0100][gc,marking  ] GC(6) Concurrent Clear Claimed Marks
[2025-03-22T23:48:06.717+0100][gc,marking  ] GC(6) Concurrent Clear Claimed Marks 0.078ms
[2025-03-22T23:48:06.717+0100][gc,marking  ] GC(6) Concurrent Cleanup for Next Mark
[2025-03-22T23:48:06.718+0100][gc,marking  ] GC(6) Concurrent Cleanup for Next Mark 0.642ms
[2025-03-22T23:48:06.718+0100][gc          ] GC(6) Concurrent Mark Cycle 30.020ms
[2025-03-23T00:02:22.504+0100][gc,start    ] GC(7) Pause Young (Prepare Mixed) (G1 Evacuation Pause)
[2025-03-23T00:02:22.505+0100][gc,task     ] GC(7) Using 8 workers of 8 for evacuation
[2025-03-23T00:02:22.513+0100][gc,phases   ] GC(7)   Pre Evacuate Collection Set: 1.2ms
[2025-03-23T00:02:22.513+0100][gc,phases   ] GC(7)   Merge Heap Roots: 0.3ms
[2025-03-23T00:02:22.513+0100][gc,phases   ] GC(7)   Evacuate Collection Set: 4.6ms
[2025-03-23T00:02:22.513+0100][gc,phases   ] GC(7)   Post Evacuate Collection Set: 1.6ms
[2025-03-23T00:02:22.513+0100][gc,phases   ] GC(7)   Other: 0.4ms
[2025-03-23T00:02:22.513+0100][gc,heap     ] GC(7) Eden regions: 50->0(47)
[2025-03-23T00:02:22.513+0100][gc,heap     ] GC(7) Survivor regions: 1->4(7)
[2025-03-23T00:02:22.513+0100][gc,heap     ] GC(7) Old regions: 16->16
[2025-03-23T00:02:22.513+0100][gc,heap     ] GC(7) Humongous regions: 129->129
[2025-03-23T00:02:22.513+0100][gc,metaspace] GC(7) Metaspace: 42428K(42944K)->42428K(42944K) NonClass: 37565K(37888K)->37565K(37888K) Class: 4863K(5056K)->4863K(5056K)
[2025-03-23T00:02:22.513+0100][gc          ] GC(7) Pause Young (Prepare Mixed) (G1 Evacuation Pause) 195M->148M(1024M) 9.120ms
[2025-03-23T00:02:22.513+0100][gc,cpu      ] GC(7) User=0.03s Sys=0.01s Real=0.01s
[2025-03-23T00:05:16.425+0100][gc,start    ] GC(8) Pause Young (Mixed) (G1 Evacuation Pause)
[2025-03-23T00:05:16.425+0100][gc,task     ] GC(8) Using 8 workers of 8 for evacuation
[2025-03-23T00:05:16.453+0100][gc,mmu      ] GC(8) MMU target violated: 21.0ms (20.0ms/21.0ms)
[2025-03-23T00:05:16.453+0100][gc,phases   ] GC(8)   Pre Evacuate Collection Set: 2.6ms
[2025-03-23T00:05:16.453+0100][gc,phases   ] GC(8)   Merge Heap Roots: 0.3ms
[2025-03-23T00:05:16.453+0100][gc,phases   ] GC(8)   Evacuate Collection Set: 23.5ms
[2025-03-23T00:05:16.453+0100][gc,phases   ] GC(8)   Post Evacuate Collection Set: 1.8ms
[2025-03-23T00:05:16.453+0100][gc,phases   ] GC(8)   Other: 0.4ms
[2025-03-23T00:05:16.453+0100][gc,heap     ] GC(8) Eden regions: 47->0(45)
[2025-03-23T00:05:16.453+0100][gc,heap     ] GC(8) Survivor regions: 4->6(7)
[2025-03-23T00:05:16.453+0100][gc,heap     ] GC(8) Old regions: 16->17
[2025-03-23T00:05:16.453+0100][gc,heap     ] GC(8) Humongous regions: 129->129
[2025-03-23T00:05:16.453+0100][gc,metaspace] GC(8) Metaspace: 45049K(45696K)->45049K(45696K) NonClass: 39939K(40256K)->39939K(40256K) Class: 5110K(5440K)->5110K(5440K)
[2025-03-23T00:05:16.453+0100][gc          ] GC(8) Pause Young (Mixed) (G1 Evacuation Pause) 195M->150M(1024M) 28.808ms
[2025-03-23T00:05:16.453+0100][gc,cpu      ] GC(8) User=0.03s Sys=0.10s Real=0.03s
[2025-03-23T00:08:33.025+0100][gc,start    ] GC(9) Pause Young (Normal) (G1 Evacuation Pause)
[2025-03-23T00:08:33.025+0100][gc,task     ] GC(9) Using 8 workers of 8 for evacuation
[2025-03-23T00:08:33.035+0100][gc,phases   ] GC(9)   Pre Evacuate Collection Set: 0.8ms
[2025-03-23T00:08:33.035+0100][gc,phases   ] GC(9)   Merge Heap Roots: 0.2ms
[2025-03-23T00:08:33.035+0100][gc,phases   ] GC(9)   Evacuate Collection Set: 7.6ms
[2025-03-23T00:08:33.035+0100][gc,phases   ] GC(9)   Post Evacuate Collection Set: 1.2ms
[2025-03-23T00:08:33.035+0100][gc,phases   ] GC(9)   Other: 0.1ms
[2025-03-23T00:08:33.035+0100][gc,heap     ] GC(9) Eden regions: 45->0(48)
[2025-03-23T00:08:33.035+0100][gc,heap     ] GC(9) Survivor regions: 6->3(7)
[2025-03-23T00:08:33.035+0100][gc,heap     ] GC(9) Old regions: 17->20
[2025-03-23T00:08:33.035+0100][gc,heap     ] GC(9) Humongous regions: 129->129
[2025-03-23T00:08:33.035+0100][gc,metaspace] GC(9) Metaspace: 45234K(45952K)->45234K(45952K) NonClass: 40106K(40512K)->40106K(40512K) Class: 5127K(5440K)->5127K(5440K)
[2025-03-23T00:08:33.035+0100][gc          ] GC(9) Pause Young (Normal) (G1 Evacuation Pause) 195M->151M(1024M) 10.153ms
[2025-03-23T00:08:33.035+0100][gc,cpu      ] GC(9) User=0.02s Sys=0.02s Real=0.01s
[2025-03-23T00:11:50.195+0100][gc,start    ] GC(10) Pause Young (Normal) (G1 Evacuation Pause)
[2025-03-23T00:11:50.196+0100][gc,task     ] GC(10) Using 8 workers of 8 for evacuation
[2025-03-23T00:11:50.207+0100][gc,phases   ] GC(10)   Pre Evacuate Collection Set: 2.5ms
[2025-03-23T00:11:50.207+0100][gc,phases   ] GC(10)   Merge Heap Roots: 0.4ms
[2025-03-23T00:11:50.207+0100][gc,phases   ] GC(10)   Evacuate Collection Set: 5.8ms
[2025-03-23T00:11:50.207+0100][gc,phases   ] GC(10)   Post Evacuate Collection Set: 1.6ms
[2025-03-23T00:11:50.207+0100][gc,phases   ] GC(10)   Other: 2.1ms
[2025-03-23T00:11:50.207+0100][gc,heap     ] GC(10) Eden regions: 48->0(47)
[2025-03-23T00:11:50.207+0100][gc,heap     ] GC(10) Survivor regions: 3->4(7)
[2025-03-23T00:11:50.207+0100][gc,heap     ] GC(10) Old regions: 20->20
[2025-03-23T00:11:50.207+0100][gc,heap     ] GC(10) Humongous regions: 129->129
[2025-03-23T00:11:50.207+0100][gc,metaspace] GC(10) Metaspace: 45328K(46016K)->45328K(46016K) NonClass: 40201K(40576K)->40201K(40576K) Class: 5127K(5440K)->5127K(5440K)
[2025-03-23T00:11:50.208+0100][gc          ] GC(10) Pause Young (Normal) (G1 Evacuation Pause) 199M->152M(1024M) 12.966ms
[2025-03-23T00:11:50.208+0100][gc,cpu      ] GC(10) User=0.05s Sys=0.00s Real=0.01s
[2025-03-23T00:14:30.193+0100][gc,start    ] GC(11) Pause Young (Normal) (G1 Evacuation Pause)
[2025-03-23T00:14:30.193+0100][gc,task     ] GC(11) Using 8 workers of 8 for evacuation
[2025-03-23T00:14:30.199+0100][gc,phases   ] GC(11)   Pre Evacuate Collection Set: 0.6ms
[2025-03-23T00:14:30.199+0100][gc,phases   ] GC(11)   Merge Heap Roots: 0.2ms
[2025-03-23T00:14:30.199+0100][gc,phases   ] GC(11)   Evacuate Collection Set: 3.6ms
[2025-03-23T00:14:30.199+0100][gc,phases   ] GC(11)   Post Evacuate Collection Set: 1.0ms
[2025-03-23T00:14:30.199+0100][gc,phases   ] GC(11)   Other: 0.3ms
[2025-03-23T00:14:30.199+0100][gc,heap     ] GC(11) Eden regions: 47->0(46)
[2025-03-23T00:14:30.199+0100][gc,heap     ] GC(11) Survivor regions: 4->5(7)
[2025-03-23T00:14:30.199+0100][gc,heap     ] GC(11) Old regions: 20->20
[2025-03-23T00:14:30.199+0100][gc,heap     ] GC(11) Humongous regions: 129->129
[2025-03-23T00:14:30.199+0100][gc,metaspace] GC(11) Metaspace: 45740K(46400K)->45740K(46400K) NonClass: 40521K(40896K)->40521K(40896K) Class: 5218K(5504K)->5218K(5504K)
[2025-03-23T00:14:30.199+0100][gc          ] GC(11) Pause Young (Normal) (G1 Evacuation Pause) 199M->152M(1024M) 5.940ms
[2025-03-23T00:14:30.199+0100][gc,cpu      ] GC(11) User=0.03s Sys=0.00s Real=0.01s
[2025-03-23T00:14:30.624+0100][gc,heap,exit] Heap
[2025-03-23T00:14:30.624+0100][gc,heap,exit]  garbage-first heap   total 1048576K, used 162301K [0x00000000c0000000, 0x0000000100000000)
[2025-03-23T00:14:30.624+0100][gc,heap,exit]   region size 1024K, 11 young (11264K), 5 survivors (5120K)
[2025-03-23T00:14:30.624+0100][gc,heap,exit]  Metaspace       used 46317K, committed 46976K, reserved 1114112K
[2025-03-23T00:14:30.624+0100][gc,heap,exit]   class space    used 5318K, committed 5632K, reserved 1048576K
