[2025-03-22T23:47:14.141+0100][gc,init] CardTable entry size: 512
[2025-03-22T23:47:14.141+0100][gc     ] Using G1
[2025-03-22T23:47:14.156+0100][gc,init] Version: 21.0.6+7-Ubuntu-124.04.1 (release)
[2025-03-22T23:47:14.157+0100][gc,init] CPUs: 8 total, 8 available
[2025-03-22T23:47:14.157+0100][gc,init] Memory: 15862M
[2025-03-22T23:47:14.157+0100][gc,init] Large Page Support: Disabled
[2025-03-22T23:47:14.157+0100][gc,init] NUMA Support: Disabled
[2025-03-22T23:47:14.157+0100][gc,init] Compressed Oops: Enabled (32-bit)
[2025-03-22T23:47:14.157+0100][gc,init] Heap Region Size: 1M
[2025-03-22T23:47:14.157+0100][gc,init] Heap Min Capacity: 512M
[2025-03-22T23:47:14.157+0100][gc,init] Heap Initial Capacity: 512M
[2025-03-22T23:47:14.157+0100][gc,init] Heap Max Capacity: 512M
[2025-03-22T23:47:14.157+0100][gc,init] Pre-touch: Disabled
[2025-03-22T23:47:14.157+0100][gc,init] Parallel Workers: 8
[2025-03-22T23:47:14.157+0100][gc,init] Concurrent Workers: 2
[2025-03-22T23:47:14.157+0100][gc,init] Concurrent Refinement Workers: 8
[2025-03-22T23:47:14.157+0100][gc,init] Periodic GC: Disabled
[2025-03-22T23:47:14.200+0100][gc,metaspace] CDS archive(s) mapped at: [0x00007f04fb000000-0x00007f04fbc97000-0x00007f04fbc97000), size 13201408, SharedBaseAddress: 0x00007f04fb000000, ArchiveRelocationMode: 1.
[2025-03-22T23:47:14.200+0100][gc,metaspace] Compressed class space mapped at: 0x00007f04fc000000-0x00007f053c000000, reserved size: 1073741824
[2025-03-22T23:47:14.200+0100][gc,metaspace] Narrow klass base: 0x00007f04fb000000, Narrow klass shift: 0, Narrow klass range: 0x100000000
[2025-03-22T23:47:15.921+0100][gc,start    ] GC(0) Pause Young (Normal) (G1 Evacuation Pause)
[2025-03-22T23:47:15.924+0100][gc,task     ] GC(0) Using 8 workers of 8 for evacuation
[2025-03-22T23:47:15.935+0100][gc,phases   ] GC(0)   Pre Evacuate Collection Set: 1.4ms
[2025-03-22T23:47:15.935+0100][gc,phases   ] GC(0)   Merge Heap Roots: 0.2ms
[2025-03-22T23:47:15.935+0100][gc,phases   ] GC(0)   Evacuate Collection Set: 7.9ms
[2025-03-22T23:47:15.935+0100][gc,phases   ] GC(0)   Post Evacuate Collection Set: 1.6ms
[2025-03-22T23:47:15.935+0100][gc,phases   ] GC(0)   Other: 2.1ms
[2025-03-22T23:47:15.935+0100][gc,heap     ] GC(0) Eden regions: 25->0(21)
[2025-03-22T23:47:15.935+0100][gc,heap     ] GC(0) Survivor regions: 0->4(4)
[2025-03-22T23:47:15.935+0100][gc,heap     ] GC(0) Old regions: 2->6
[2025-03-22T23:47:15.935+0100][gc,heap     ] GC(0) Humongous regions: 0->0
[2025-03-22T23:47:15.935+0100][gc,metaspace] GC(0) Metaspace: 7894K(8064K)->7894K(8064K) NonClass: 7084K(7168K)->7084K(7168K) Class: 809K(896K)->809K(896K)
[2025-03-22T23:47:15.935+0100][gc          ] GC(0) Pause Young (Normal) (G1 Evacuation Pause) 26M->8M(512M) 13.994ms
[2025-03-22T23:47:15.935+0100][gc,cpu      ] GC(0) User=0.04s Sys=0.02s Real=0.01s
[2025-03-23T00:14:30.127+0100][gc,heap,exit] Heap
[2025-03-23T00:14:30.128+0100][gc,heap,exit]  garbage-first heap   total 524288K, used 20551K [0x00000000e0000000, 0x0000000100000000)
[2025-03-23T00:14:30.128+0100][gc,heap,exit]   region size 1024K, 16 young (16384K), 4 survivors (4096K)
[2025-03-23T00:14:30.128+0100][gc,heap,exit]  Metaspace       used 9637K, committed 9856K, reserved 1114112K
[2025-03-23T00:14:30.128+0100][gc,heap,exit]   class space    used 955K, committed 1088K, reserved 1048576K
